12:15:59 **** Incremental Build of configuration Debug for project TIM_5 ****
make -j4 all 
arm-none-eabi-gcc "../Core/Src/main.c" -mcpu=cortex-m4 -std=gnu11 -g3 -DDEBUG -DUSE_HAL_DRIVER -DSTM32F429xx -c -I../Core/Inc -I../Drivers/STM32F4xx_HAL_Driver/Inc -I../Drivers/STM32F4xx_HAL_Driver/Inc/Legacy -I../Drivers/CMSIS/Device/ST/STM32F4xx/Include -I../Drivers/CMSIS/Include -O0 -ffunction-sections -fdata-sections -Wall -fstack-usage -MMD -MP -MF"Core/Src/main.d" -MT"Core/Src/main.o" --specs=nano.specs -mfpu=fpv4-sp-d16 -mfloat-abi=hard -mthumb -o "Core/Src/main.o"
arm-none-eabi-gcc -o "TIM_5.elf" @"objects.list"   -mcpu=cortex-m4 -T"C:\Users\Jang\STM32CubeIDE\workspace_1.10.1\TIM_5\STM32F429ZITX_FLASH.ld" --specs=nosys.specs -Wl,-Map="TIM_5.map" -Wl,--gc-sections -static --specs=nano.specs -mfpu=fpv4-sp-d16 -mfloat-abi=hard -mthumb -Wl,--start-group -lc -lm -Wl,--end-group
Finished building target: TIM_5.elf
 
arm-none-eabi-size   TIM_5.elf 
arm-none-eabi-objdump -h -S  TIM_5.elf  > "TIM_5.list"
   text	   data	    bss	    dec	    hex	filename
  11292	     20	   1644	  12956	   329c	TIM_5.elf
Finished building: default.size.stdout
 
Finished building: TIM_5.list
 
